// Jest Snapshot v1, https://goo.gl/fbAQLP

exports[`MovieSearch Test <MovieSearch /> should render the form 1`] = `"<div class=\\"MovieSearch-Card card\\"><div class=\\"card-body\\"><div class=\\"row\\"><input type=\\"text\\" class=\\"MovieSearch-input\\" placeholder=\\"Search movie name ...\\" name=\\"mName\\"/><div><button class=\\"btn btn-link MovieSearch-button\\"> New Film</button><button class=\\"btn btn-link MovieSearch-button\\"> Top Film</button><button class=\\"btn btn-link MovieSearch-button\\"> Favorites</button></div></div></div></div>"`;
